{
  "beforeDB": {
    "health_checks": [
      {
        "Key": "healthCheckKey",
        "Value": "healthCheckValue"
      }
    ]
  },
  "afterDB": {
    "health_checks": [
      {
        "Key": "healthCheckKey",
        "Value": "healthCheckValue"
      }
    ]
  },
  "beforeRedis": null,
  "afterRedis": null,
  "request": {
    "url": "/api/health",
    "method": "HEAD",
    "header": {}
  },
  "response": {
    "statusCode": 500,
    "body": {}
  }
}