{
  "beforeDB": {
    "health_checks": [
      {
        "Key": "healthCheckKey",
        "Value": "healthCheckValue"
      }
    ]
  },
  "afterDB": {
    "health_checks": [
      {
        "Key": "healthCheckKey",
        "Value": "healthCheckValue"
      }
    ]
  },
  "beforeRedis": [
    {
      "key": "healthCheckKey",
      "value": "healthCheckValue"
    }
  ],
  "afterRedis": [
    {
      "key": "healthCheckKey",
      "value": "healthCheckValue"
    }
  ],
  "request": {
    "url": "/api/health",
    "method": "HEAD",
    "header": {}
  },
  "response": {
    "statusCode": 200,
    "body": {}
  }
}